HAPI version: 1.3.0.0
To get the most up-to-date version please check http://hitran.org/hapi
ATTENTION: Python versions of partition sums from TIPS-2021 are now available in HAPI code

           MIT license: Copyright 2021 HITRAN team, see more at http://hitran.org. 

           If you use HAPI in your research or software development,
           please cite it using the following reference:
           R.V. Kochanov, I.E. Gordon, L.S. Rothman, P. Wcislo, C. Hill, J.S. Wilzewski,
           HITRAN Application Programming Interface (HAPI): A comprehensive approach
           to working with spectroscopic data, J. Quant. Spectrosc. Radiat. Transfer 177, 15-30 (2016)
           DOI: 10.1016/j.jqsrt.2016.03.005

           ATTENTION: This is the core version of the HITRAN Application Programming Interface.
                      For more efficient implementation of the absorption coefficient routine, 
                      as well as for new profiles, parameters and other functional,
                      please consider using HAPI2 extension library.
                      HAPI2 package is available at http://github.com/hitranonline/hapi2

=== mir_detector_etc.py  -> mir_detector_etc.log
    ok in 0 s
=== verify_cfc_contribution.py  -> verify_cfc_contribution.log
    ok in 12 s
=== snr_integration_time_trade.py  -> snr_integration_time_trade.log
    ok in 42 s
=== highres_gas_removal_budget.py silica -> highres_gas_removal_budget_silica.log
    ok in 9 s
=== gas_removal_floor_880_widths.py  -> gas_removal_floor_880_widths.log
    ok in 23 s
=== scan_floor_altitude.py  -> scan_floor_altitude.log
    ok in 49 s
=== scan_floor_altitude.py --fwhm 0.1 -> scan_floor_altitude_fwhm_0.1.log
    ok in 55 s
DONE
