HAPI version: 1.3.0.0
To get the most up-to-date version please check http://hitran.org/hapi
ATTENTION: Python versions of partition sums from TIPS-2021 are now available in HAPI code

           MIT license: Copyright 2021 HITRAN team, see more at http://hitran.org. 

           If you use HAPI in your research or software development,
           please cite it using the following reference:
           R.V. Kochanov, I.E. Gordon, L.S. Rothman, P. Wcislo, C. Hill, J.S. Wilzewski,
           HITRAN Application Programming Interface (HAPI): A comprehensive approach
           to working with spectroscopic data, J. Quant. Spectrosc. Radiat. Transfer 177, 15-30 (2016)
           DOI: 10.1016/j.jqsrt.2016.03.005

           ATTENTION: This is the core version of the HITRAN Application Programming Interface.
                      For more efficient implementation of the absorption coefficient routine, 
                      as well as for new profiles, parameters and other functional,
                      please consider using HAPI2 extension library.
                      HAPI2 package is available at http://github.com/hitranonline/hapi2

=== farir_band_floors_w0p1.py  -> farir_band_floors_w0p1.log
    ok in 193 s
=== material_trace_gas_removal.py all --element 0.1 -> material_trace_gas_removal_all_element_0.1.log
    ok in 15 s
=== material_trace_gas_removal.py all -> material_trace_gas_removal_all.log
    ok in 14 s
=== calcite_trace_gas_removal.py --element 0.1 -> calcite_trace_gas_removal_element_0.1.log
    ok in 13 s
=== calcite_trace_gas_removal.py  -> calcite_trace_gas_removal.log
    ok in 12 s
DONE
