  silica  18.05 um: tau_gas=7.882e-02 sigma_tau=2.227e-04 OD -> sigma_alpha=1.531e-09 1/m  [0 s]
  silica  18.15 um: tau_gas=1.272e-01 sigma_tau=4.765e-04 OD -> sigma_alpha=3.275e-09 1/m  [0 s]
  silica  18.25 um: tau_gas=1.770e-02 sigma_tau=4.814e-05 OD -> sigma_alpha=3.309e-10 1/m  [1 s]
  silica  18.35 um: tau_gas=2.563e-01 sigma_tau=5.615e-04 OD -> sigma_alpha=3.859e-09 1/m  [1 s]
  silica  18.45 um: tau_gas=4.594e-02 sigma_tau=1.222e-04 OD -> sigma_alpha=8.399e-10 1/m  [1 s]
  silica  18.55 um: tau_gas=5.363e-05 sigma_tau=2.685e-07 OD -> sigma_alpha=1.845e-12 1/m  [1 s]
  silica  18.65 um: tau_gas=9.522e-02 sigma_tau=2.188e-04 OD -> sigma_alpha=1.504e-09 1/m  [1 s]
  silica  18.75 um: tau_gas=1.735e-03 sigma_tau=9.200e-06 OD -> sigma_alpha=6.323e-11 1/m  [1 s]
  silica  18.85 um: tau_gas=5.981e-05 sigma_tau=1.825e-07 OD -> sigma_alpha=1.254e-12 1/m  [2 s]
  silica  18.95 um: tau_gas=2.374e-03 sigma_tau=7.331e-06 OD -> sigma_alpha=5.039e-11 1/m  [2 s]
  silica  19.05 um: tau_gas=8.067e-01 sigma_tau=1.872e-03 OD -> sigma_alpha=1.287e-08 1/m  [2 s]
  silica  19.15 um: tau_gas=5.566e-05 sigma_tau=1.780e-07 OD -> sigma_alpha=1.224e-12 1/m  [2 s]
  silica  19.25 um: tau_gas=1.846e-01 sigma_tau=4.303e-04 OD -> sigma_alpha=2.958e-09 1/m  [2 s]
  silica  19.35 um: tau_gas=3.934e-01 sigma_tau=9.108e-04 OD -> sigma_alpha=6.261e-09 1/m  [2 s]
  silica  19.45 um: tau_gas=3.643e-03 sigma_tau=2.139e-05 OD -> sigma_alpha=1.470e-10 1/m  [3 s]
  silica  19.55 um: tau_gas=1.732e-02 sigma_tau=4.233e-05 OD -> sigma_alpha=2.910e-10 1/m  [3 s]
  silica  19.65 um: tau_gas=8.517e-04 sigma_tau=6.124e-06 OD -> sigma_alpha=4.209e-11 1/m  [3 s]
  silica  19.75 um: tau_gas=7.761e-01 sigma_tau=1.717e-03 OD -> sigma_alpha=1.180e-08 1/m  [3 s]
  silica  19.85 um: tau_gas=5.843e-03 sigma_tau=1.825e-05 OD -> sigma_alpha=1.254e-10 1/m  [3 s]
  silica  19.95 um: tau_gas=4.656e-01 sigma_tau=1.166e-03 OD -> sigma_alpha=8.018e-09 1/m  [3 s]
  silica  20.05 um: tau_gas=4.080e-03 sigma_tau=2.561e-05 OD -> sigma_alpha=1.760e-10 1/m  [4 s]
  silica  20.15 um: tau_gas=9.044e-03 sigma_tau=5.044e-05 OD -> sigma_alpha=3.467e-10 1/m  [4 s]
  silica  20.25 um: tau_gas=2.060e-02 sigma_tau=1.010e-04 OD -> sigma_alpha=6.944e-10 1/m  [4 s]
  silica  20.35 um: tau_gas=2.377e-01 sigma_tau=4.919e-04 OD -> sigma_alpha=3.381e-09 1/m  [4 s]
  silica  20.45 um: tau_gas=3.968e-02 sigma_tau=2.324e-04 OD -> sigma_alpha=1.598e-09 1/m  [4 s]
  silica  20.55 um: tau_gas=6.104e-02 sigma_tau=3.024e-04 OD -> sigma_alpha=2.078e-09 1/m  [5 s]
  silica  20.65 um: tau_gas=1.141e+00 sigma_tau=2.429e-03 OD -> sigma_alpha=1.670e-08 1/m  [5 s]
  silica  20.75 um: tau_gas=1.064e-01 sigma_tau=5.698e-04 OD -> sigma_alpha=3.917e-09 1/m  [5 s]
  silica  20.85 um: tau_gas=1.080e-01 sigma_tau=5.979e-04 OD -> sigma_alpha=4.110e-09 1/m  [5 s]
  silica  20.95 um: tau_gas=1.261e-01 sigma_tau=6.430e-04 OD -> sigma_alpha=4.420e-09 1/m  [5 s]
  silica  21.05 um: tau_gas=1.274e-01 sigma_tau=6.926e-04 OD -> sigma_alpha=4.760e-09 1/m  [5 s]
  silica  21.15 um: tau_gas=2.049e+00 sigma_tau=4.322e-03 OD -> sigma_alpha=2.970e-08 1/m  [6 s]
  silica  21.25 um: tau_gas=1.110e-01 sigma_tau=6.005e-04 OD -> sigma_alpha=4.128e-09 1/m  [6 s]
  silica  21.35 um: tau_gas=1.501e-01 sigma_tau=4.695e-04 OD -> sigma_alpha=3.227e-09 1/m  [6 s]
  silica  21.45 um: tau_gas=6.599e-02 sigma_tau=3.616e-04 OD -> sigma_alpha=2.485e-09 1/m  [6 s]
  silica  21.55 um: tau_gas=4.319e-02 sigma_tau=2.215e-04 OD -> sigma_alpha=1.523e-09 1/m  [6 s]
  silica  21.65 um: tau_gas=7.317e-02 sigma_tau=2.022e-04 OD -> sigma_alpha=1.390e-09 1/m  [6 s]
  silica  21.75 um: tau_gas=1.889e-02 sigma_tau=9.274e-05 OD -> sigma_alpha=6.375e-10 1/m  [6 s]
  silica  21.85 um: tau_gas=5.561e+00 sigma_tau=1.176e-02 OD -> sigma_alpha=8.081e-08 1/m  [7 s]
  silica  21.95 um: tau_gas=7.826e-02 sigma_tau=4.347e-04 OD -> sigma_alpha=2.988e-09 1/m  [7 s]
  silica  22.05 um: tau_gas=2.964e-01 sigma_tau=7.566e-04 OD -> sigma_alpha=5.200e-09 1/m  [7 s]
  silica  22.15 um: tau_gas=5.617e-02 sigma_tau=2.788e-04 OD -> sigma_alpha=1.917e-09 1/m  [7 s]
  silica  22.25 um: tau_gas=5.879e-02 sigma_tau=3.095e-04 OD -> sigma_alpha=2.127e-09 1/m  [7 s]
  silica  22.35 um: tau_gas=2.138e-01 sigma_tau=5.519e-04 OD -> sigma_alpha=3.793e-09 1/m  [7 s]
  silica  22.45 um: tau_gas=1.818e-01 sigma_tau=6.340e-04 OD -> sigma_alpha=4.358e-09 1/m  [7 s]
  silica  22.55 um: tau_gas=3.164e-01 sigma_tau=8.291e-04 OD -> sigma_alpha=5.699e-09 1/m  [8 s]
  silica  22.65 um: tau_gas=1.972e+00 sigma_tau=4.332e-03 OD -> sigma_alpha=2.977e-08 1/m  [8 s]
  silica  22.75 um: tau_gas=9.130e-02 sigma_tau=4.997e-04 OD -> sigma_alpha=3.434e-09 1/m  [8 s]
  silica  22.85 um: tau_gas=1.706e-01 sigma_tau=1.018e-03 OD -> sigma_alpha=6.996e-09 1/m  [8 s]
  silica  22.95 um: tau_gas=1.767e-01 sigma_tau=5.545e-04 OD -> sigma_alpha=3.811e-09 1/m  [8 s]
silica: archived 50 elements -> /Users/doronkushnir/Weizmann Institute Dropbox/Doron Kushnir/Science/GlobalWarming/SAGE/Python/outputs/materials_calibrated/farir_band_floors_w0p1.json
 alumina  18.30 um: tau_gas=2.736e-01 sigma_tau=5.884e-04 OD -> sigma_alpha=4.044e-09 1/m  [1 s]
 alumina  18.40 um: tau_gas=8.675e-05 sigma_tau=5.504e-07 OD -> sigma_alpha=3.783e-12 1/m  [2 s]
 alumina  18.50 um: tau_gas=4.597e-02 sigma_tau=1.242e-04 OD -> sigma_alpha=8.536e-10 1/m  [3 s]
 alumina  18.60 um: tau_gas=9.286e-02 sigma_tau=2.082e-04 OD -> sigma_alpha=1.431e-09 1/m  [4 s]
 alumina  18.70 um: tau_gas=3.809e-03 sigma_tau=1.670e-05 OD -> sigma_alpha=1.148e-10 1/m  [6 s]
 alumina  18.80 um: tau_gas=3.100e-04 sigma_tau=9.278e-07 OD -> sigma_alpha=6.377e-12 1/m  [7 s]
 alumina  18.90 um: tau_gas=1.924e-03 sigma_tau=8.643e-06 OD -> sigma_alpha=5.941e-11 1/m  [8 s]
 alumina  19.00 um: tau_gas=8.072e-01 sigma_tau=1.878e-03 OD -> sigma_alpha=1.291e-08 1/m  [9 s]
 alumina  19.10 um: tau_gas=5.566e-05 sigma_tau=1.746e-07 OD -> sigma_alpha=1.200e-12 1/m  [10 s]
 alumina  19.20 um: tau_gas=1.839e-01 sigma_tau=4.346e-04 OD -> sigma_alpha=2.987e-09 1/m  [11 s]
 alumina  19.30 um: tau_gas=3.120e-01 sigma_tau=7.213e-04 OD -> sigma_alpha=4.958e-09 1/m  [12 s]
 alumina  19.40 um: tau_gas=8.564e-02 sigma_tau=2.085e-04 OD -> sigma_alpha=1.433e-09 1/m  [13 s]
 alumina  19.50 um: tau_gas=6.361e-03 sigma_tau=1.522e-05 OD -> sigma_alpha=1.046e-10 1/m  [14 s]
 alumina  19.60 um: tau_gas=1.098e-02 sigma_tau=3.268e-05 OD -> sigma_alpha=2.247e-10 1/m  [15 s]
 alumina  19.70 um: tau_gas=7.769e-01 sigma_tau=1.696e-03 OD -> sigma_alpha=1.166e-08 1/m  [16 s]
 alumina  19.80 um: tau_gas=5.797e-03 sigma_tau=1.810e-05 OD -> sigma_alpha=1.244e-10 1/m  [17 s]
 alumina  19.90 um: tau_gas=4.645e-01 sigma_tau=1.171e-03 OD -> sigma_alpha=8.047e-09 1/m  [19 s]
 alumina  20.00 um: tau_gas=2.701e-03 sigma_tau=1.393e-05 OD -> sigma_alpha=9.574e-11 1/m  [20 s]
 alumina  20.10 um: tau_gas=6.458e-03 sigma_tau=3.752e-05 OD -> sigma_alpha=2.579e-10 1/m  [21 s]
 alumina  20.20 um: tau_gas=1.689e-02 sigma_tau=7.760e-05 OD -> sigma_alpha=5.334e-10 1/m  [22 s]
 alumina  20.30 um: tau_gas=2.331e-01 sigma_tau=4.924e-04 OD -> sigma_alpha=3.384e-09 1/m  [23 s]
 alumina  20.40 um: tau_gas=3.149e-02 sigma_tau=1.678e-04 OD -> sigma_alpha=1.154e-09 1/m  [24 s]
 alumina  20.50 um: tau_gas=4.727e-02 sigma_tau=2.819e-04 OD -> sigma_alpha=1.938e-09 1/m  [25 s]
 alumina  20.60 um: tau_gas=7.016e-02 sigma_tau=3.413e-04 OD -> sigma_alpha=2.346e-09 1/m  [26 s]
 alumina  20.70 um: tau_gas=1.152e+00 sigma_tau=2.387e-03 OD -> sigma_alpha=1.641e-08 1/m  [27 s]
 alumina  20.80 um: tau_gas=1.126e-01 sigma_tau=5.782e-04 OD -> sigma_alpha=3.974e-09 1/m  [29 s]
 alumina  20.90 um: tau_gas=1.142e-01 sigma_tau=6.665e-04 OD -> sigma_alpha=4.581e-09 1/m  [30 s]
 alumina  21.00 um: tau_gas=1.377e-01 sigma_tau=7.274e-04 OD -> sigma_alpha=5.000e-09 1/m  [31 s]
 alumina  21.10 um: tau_gas=1.680e-01 sigma_tau=6.659e-04 OD -> sigma_alpha=4.577e-09 1/m  [32 s]
 alumina  21.20 um: tau_gas=1.986e+00 sigma_tau=4.169e-03 OD -> sigma_alpha=2.865e-08 1/m  [33 s]
 alumina  21.30 um: tau_gas=1.192e-01 sigma_tau=5.429e-04 OD -> sigma_alpha=3.732e-09 1/m  [34 s]
 alumina  21.40 um: tau_gas=1.404e-01 sigma_tau=4.800e-04 OD -> sigma_alpha=3.299e-09 1/m  [35 s]
 alumina  21.50 um: tau_gas=4.070e-02 sigma_tau=2.548e-04 OD -> sigma_alpha=1.751e-09 1/m  [36 s]
 alumina  21.60 um: tau_gas=3.215e-02 sigma_tau=1.698e-04 OD -> sigma_alpha=1.167e-09 1/m  [37 s]
 alumina  21.70 um: tau_gas=7.492e-02 sigma_tau=2.125e-04 OD -> sigma_alpha=1.461e-09 1/m  [39 s]
 alumina  21.80 um: tau_gas=4.497e+00 sigma_tau=9.174e-03 OD -> sigma_alpha=6.306e-08 1/m  [40 s]
 alumina  21.90 um: tau_gas=1.131e+00 sigma_tau=3.090e-03 OD -> sigma_alpha=2.124e-08 1/m  [41 s]
 alumina  22.00 um: tau_gas=3.024e-02 sigma_tau=1.612e-04 OD -> sigma_alpha=1.108e-09 1/m  [42 s]
 alumina  22.10 um: tau_gas=3.136e-01 sigma_tau=7.837e-04 OD -> sigma_alpha=5.387e-09 1/m  [43 s]
 alumina  22.20 um: tau_gas=5.808e-02 sigma_tau=2.943e-04 OD -> sigma_alpha=2.023e-09 1/m  [44 s]
 alumina  22.30 um: tau_gas=6.134e-02 sigma_tau=3.264e-04 OD -> sigma_alpha=2.243e-09 1/m  [45 s]
 alumina  22.40 um: tau_gas=3.089e-01 sigma_tau=9.124e-04 OD -> sigma_alpha=6.271e-09 1/m  [46 s]
 alumina  22.50 um: tau_gas=3.229e-01 sigma_tau=8.888e-04 OD -> sigma_alpha=6.109e-09 1/m  [48 s]
 alumina  22.60 um: tau_gas=1.974e+00 sigma_tau=4.233e-03 OD -> sigma_alpha=2.910e-08 1/m  [49 s]
 alumina  22.70 um: tau_gas=8.959e-02 sigma_tau=5.065e-04 OD -> sigma_alpha=3.482e-09 1/m  [50 s]
 alumina  22.80 um: tau_gas=1.539e-01 sigma_tau=8.551e-04 OD -> sigma_alpha=5.877e-09 1/m  [51 s]
 alumina  22.90 um: tau_gas=1.781e-01 sigma_tau=6.288e-04 OD -> sigma_alpha=4.322e-09 1/m  [52 s]
 alumina  23.00 um: tau_gas=1.011e-01 sigma_tau=4.218e-04 OD -> sigma_alpha=2.899e-09 1/m  [53 s]
 alumina  23.10 um: tau_gas=6.954e-02 sigma_tau=3.864e-04 OD -> sigma_alpha=2.656e-09 1/m  [54 s]
 alumina  23.20 um: tau_gas=8.501e-01 sigma_tau=1.826e-03 OD -> sigma_alpha=1.255e-08 1/m  [55 s]
alumina: archived 50 elements -> /Users/doronkushnir/Weizmann Institute Dropbox/Doron Kushnir/Science/GlobalWarming/SAGE/Python/outputs/materials_calibrated/farir_band_floors_w0p1.json
dolomite  22.55 um: tau_gas=2.239e-01 sigma_tau=5.102e-04 OD -> sigma_alpha=3.507e-09 1/m  [1 s]
dolomite  22.65 um: tau_gas=1.885e+00 sigma_tau=4.255e-03 OD -> sigma_alpha=2.925e-08 1/m  [2 s]
dolomite  22.75 um: tau_gas=4.905e-06 sigma_tau=9.726e-07 OD -> sigma_alpha=6.685e-12 1/m  [3 s]
dolomite  22.85 um: tau_gas=2.912e-04 sigma_tau=1.358e-06 OD -> sigma_alpha=9.338e-12 1/m  [4 s]
dolomite  22.95 um: tau_gas=9.689e-02 sigma_tau=2.475e-04 OD -> sigma_alpha=1.701e-09 1/m  [6 s]
dolomite  23.05 um: tau_gas=1.252e-03 sigma_tau=3.982e-06 OD -> sigma_alpha=2.737e-11 1/m  [7 s]
dolomite  23.15 um: tau_gas=7.858e-01 sigma_tau=1.802e-03 OD -> sigma_alpha=1.239e-08 1/m  [8 s]
dolomite  23.25 um: tau_gas=5.557e-03 sigma_tau=3.016e-05 OD -> sigma_alpha=2.073e-10 1/m  [9 s]
dolomite  23.35 um: tau_gas=3.932e-03 sigma_tau=9.648e-06 OD -> sigma_alpha=6.632e-11 1/m  [10 s]
dolomite  23.45 um: tau_gas=2.748e-01 sigma_tau=6.448e-04 OD -> sigma_alpha=4.432e-09 1/m  [11 s]
dolomite  23.55 um: tau_gas=1.211e-01 sigma_tau=2.897e-04 OD -> sigma_alpha=1.991e-09 1/m  [12 s]
dolomite  23.65 um: tau_gas=1.331e+00 sigma_tau=3.092e-03 OD -> sigma_alpha=2.125e-08 1/m  [13 s]
dolomite  23.75 um: tau_gas=1.406e-02 sigma_tau=3.862e-05 OD -> sigma_alpha=2.655e-10 1/m  [15 s]
dolomite  23.85 um: tau_gas=1.928e+01 sigma_tau=4.253e-02 OD -> sigma_alpha=2.923e-07 1/m  [16 s]
dolomite  23.95 um: tau_gas=5.150e-01 sigma_tau=1.109e-03 OD -> sigma_alpha=7.620e-09 1/m  [17 s]
dolomite  24.05 um: tau_gas=4.757e-03 sigma_tau=1.042e-05 OD -> sigma_alpha=7.163e-11 1/m  [19 s]
dolomite  24.15 um: tau_gas=1.884e-04 sigma_tau=1.274e-06 OD -> sigma_alpha=8.756e-12 1/m  [20 s]
dolomite  24.25 um: tau_gas=1.573e-05 sigma_tau=4.958e-08 OD -> sigma_alpha=3.408e-13 1/m  [22 s]
dolomite  24.35 um: tau_gas=3.189e-06 sigma_tau=6.399e-07 OD -> sigma_alpha=4.398e-12 1/m  [23 s]
dolomite  24.45 um: tau_gas=1.423e-04 sigma_tau=5.104e-07 OD -> sigma_alpha=3.508e-12 1/m  [24 s]
dolomite  24.55 um: tau_gas=1.236e-04 sigma_tau=1.119e-06 OD -> sigma_alpha=7.689e-12 1/m  [25 s]
dolomite  24.65 um: tau_gas=2.529e-02 sigma_tau=5.479e-05 OD -> sigma_alpha=3.766e-10 1/m  [27 s]
dolomite  24.75 um: tau_gas=1.868e-05 sigma_tau=1.376e-06 OD -> sigma_alpha=9.460e-12 1/m  [28 s]
dolomite  24.85 um: tau_gas=7.329e-06 sigma_tau=1.507e-06 OD -> sigma_alpha=1.036e-11 1/m  [29 s]
dolomite  24.95 um: tau_gas=1.941e+00 sigma_tau=4.770e-03 OD -> sigma_alpha=3.279e-08 1/m  [30 s]
dolomite  25.05 um: tau_gas=2.906e+00 sigma_tau=6.419e-03 OD -> sigma_alpha=4.412e-08 1/m  [31 s]
dolomite  25.15 um: tau_gas=5.383e+00 sigma_tau=1.166e-02 OD -> sigma_alpha=8.013e-08 1/m  [32 s]
dolomite  25.25 um: tau_gas=4.833e+00 sigma_tau=1.136e-02 OD -> sigma_alpha=7.808e-08 1/m  [33 s]
dolomite  25.35 um: tau_gas=1.644e+00 sigma_tau=3.858e-03 OD -> sigma_alpha=2.652e-08 1/m  [34 s]
dolomite  25.45 um: tau_gas=2.259e-05 sigma_tau=3.466e-06 OD -> sigma_alpha=2.382e-11 1/m  [36 s]
dolomite  25.55 um: tau_gas=8.917e-05 sigma_tau=5.492e-06 OD -> sigma_alpha=3.775e-11 1/m  [37 s]
dolomite  25.65 um: tau_gas=3.890e-05 sigma_tau=5.173e-06 OD -> sigma_alpha=3.556e-11 1/m  [38 s]
dolomite  25.75 um: tau_gas=7.369e-05 sigma_tau=6.251e-06 OD -> sigma_alpha=4.297e-11 1/m  [39 s]
dolomite  25.85 um: tau_gas=2.733e-05 sigma_tau=5.587e-06 OD -> sigma_alpha=3.840e-11 1/m  [40 s]
dolomite  25.95 um: tau_gas=8.231e+00 sigma_tau=1.862e-02 OD -> sigma_alpha=1.280e-07 1/m  [41 s]
dolomite  26.05 um: tau_gas=8.652e-01 sigma_tau=2.270e-03 OD -> sigma_alpha=1.560e-08 1/m  [42 s]
dolomite  26.15 um: tau_gas=2.335e-04 sigma_tau=6.517e-06 OD -> sigma_alpha=4.480e-11 1/m  [44 s]
dolomite  26.25 um: tau_gas=1.770e-03 sigma_tau=9.910e-06 OD -> sigma_alpha=6.812e-11 1/m  [45 s]
dolomite  26.35 um: tau_gas=1.198e-04 sigma_tau=6.792e-06 OD -> sigma_alpha=4.669e-11 1/m  [46 s]
dolomite  26.45 um: tau_gas=1.327e-01 sigma_tau=2.928e-04 OD -> sigma_alpha=2.013e-09 1/m  [47 s]
dolomite  26.55 um: tau_gas=2.507e+00 sigma_tau=5.753e-03 OD -> sigma_alpha=3.954e-08 1/m  [49 s]
dolomite  26.65 um: tau_gas=1.570e+00 sigma_tau=3.519e-03 OD -> sigma_alpha=2.419e-08 1/m  [50 s]
dolomite  26.75 um: tau_gas=9.154e+00 sigma_tau=1.931e-02 OD -> sigma_alpha=1.328e-07 1/m  [51 s]
dolomite  26.85 um: tau_gas=5.954e-05 sigma_tau=1.086e-05 OD -> sigma_alpha=7.462e-11 1/m  [53 s]
dolomite  26.95 um: tau_gas=1.296e-04 sigma_tau=2.140e-05 OD -> sigma_alpha=1.471e-10 1/m  [54 s]
dolomite  27.05 um: tau_gas=7.039e+00 sigma_tau=1.631e-02 OD -> sigma_alpha=1.121e-07 1/m  [55 s]
dolomite  27.15 um: tau_gas=6.645e-04 sigma_tau=6.534e-05 OD -> sigma_alpha=4.491e-10 1/m  [57 s]
dolomite  27.25 um: tau_gas=4.710e-04 sigma_tau=9.409e-05 OD -> sigma_alpha=6.467e-10 1/m  [58 s]
dolomite  27.35 um: tau_gas=6.905e-04 sigma_tau=1.447e-04 OD -> sigma_alpha=9.948e-10 1/m  [60 s]
dolomite  27.45 um: tau_gas=1.054e-03 sigma_tau=2.097e-04 OD -> sigma_alpha=1.442e-09 1/m  [61 s]
dolomite: archived 50 elements -> /Users/doronkushnir/Weizmann Institute Dropbox/Doron Kushnir/Science/GlobalWarming/SAGE/Python/outputs/materials_calibrated/farir_band_floors_w0p1.json
 calcite  26.05 um: tau_gas=8.652e-01 sigma_tau=2.248e-03 OD -> sigma_alpha=1.545e-08 1/m  [1 s]
 calcite  26.15 um: tau_gas=2.335e-04 sigma_tau=1.660e-06 OD -> sigma_alpha=1.141e-11 1/m  [3 s]
 calcite  26.25 um: tau_gas=1.770e-03 sigma_tau=6.089e-06 OD -> sigma_alpha=4.185e-11 1/m  [4 s]
 calcite  26.35 um: tau_gas=1.198e-04 sigma_tau=1.502e-06 OD -> sigma_alpha=1.033e-11 1/m  [5 s]
 calcite  26.45 um: tau_gas=1.327e-01 sigma_tau=2.933e-04 OD -> sigma_alpha=2.016e-09 1/m  [7 s]
 calcite  26.55 um: tau_gas=2.507e+00 sigma_tau=5.931e-03 OD -> sigma_alpha=4.076e-08 1/m  [8 s]
 calcite  26.65 um: tau_gas=1.570e+00 sigma_tau=3.545e-03 OD -> sigma_alpha=2.437e-08 1/m  [9 s]
 calcite  26.75 um: tau_gas=9.154e+00 sigma_tau=2.558e-02 OD -> sigma_alpha=1.758e-07 1/m  [10 s]
 calcite  26.85 um: tau_gas=5.954e-05 sigma_tau=2.196e-06 OD -> sigma_alpha=1.509e-11 1/m  [12 s]
 calcite  26.95 um: tau_gas=1.296e-04 sigma_tau=4.101e-06 OD -> sigma_alpha=2.819e-11 1/m  [14 s]
 calcite  27.05 um: tau_gas=7.039e+00 sigma_tau=1.673e-02 OD -> sigma_alpha=1.150e-07 1/m  [15 s]
 calcite  27.15 um: tau_gas=6.645e-04 sigma_tau=1.445e-05 OD -> sigma_alpha=9.929e-11 1/m  [16 s]
 calcite  27.25 um: tau_gas=4.710e-04 sigma_tau=1.833e-05 OD -> sigma_alpha=1.260e-10 1/m  [18 s]
 calcite  27.35 um: tau_gas=6.905e-04 sigma_tau=2.982e-05 OD -> sigma_alpha=2.050e-10 1/m  [19 s]
 calcite  27.45 um: tau_gas=1.054e-03 sigma_tau=4.052e-05 OD -> sigma_alpha=2.785e-10 1/m  [21 s]
 calcite  27.55 um: tau_gas=1.348e-01 sigma_tau=4.383e-04 OD -> sigma_alpha=3.013e-09 1/m  [22 s]
 calcite  27.65 um: tau_gas=1.576e-02 sigma_tau=7.990e-05 OD -> sigma_alpha=5.492e-10 1/m  [24 s]
 calcite  27.75 um: tau_gas=2.325e-03 sigma_tau=8.921e-05 OD -> sigma_alpha=6.132e-10 1/m  [25 s]
 calcite  27.85 um: tau_gas=1.996e+00 sigma_tau=4.876e-03 OD -> sigma_alpha=3.352e-08 1/m  [26 s]
 calcite  27.95 um: tau_gas=1.442e+01 sigma_tau=3.451e-02 OD -> sigma_alpha=2.372e-07 1/m  [27 s]
 calcite  28.05 um: tau_gas=9.063e-02 sigma_tau=3.665e-04 OD -> sigma_alpha=2.519e-09 1/m  [29 s]
 calcite  28.15 um: tau_gas=3.312e-01 sigma_tau=8.654e-04 OD -> sigma_alpha=5.948e-09 1/m  [30 s]
 calcite  28.25 um: tau_gas=1.585e+01 sigma_tau=3.550e-02 OD -> sigma_alpha=2.440e-07 1/m  [31 s]
 calcite  28.35 um: tau_gas=1.239e-02 sigma_tau=2.124e-04 OD -> sigma_alpha=1.460e-09 1/m  [33 s]
 calcite  28.45 um: tau_gas=1.504e+01 sigma_tau=3.373e-02 OD -> sigma_alpha=2.318e-07 1/m  [34 s]
 calcite  28.55 um: tau_gas=1.353e+01 sigma_tau=3.201e-02 OD -> sigma_alpha=2.201e-07 1/m  [35 s]
 calcite  28.65 um: tau_gas=3.663e-02 sigma_tau=1.724e-04 OD -> sigma_alpha=1.185e-09 1/m  [36 s]
 calcite  28.75 um: tau_gas=6.452e-03 sigma_tau=2.298e-04 OD -> sigma_alpha=1.580e-09 1/m  [37 s]
 calcite  28.85 um: tau_gas=6.210e-03 sigma_tau=1.536e-04 OD -> sigma_alpha=1.056e-09 1/m  [39 s]
 calcite  28.95 um: tau_gas=6.768e-01 sigma_tau=1.772e-03 OD -> sigma_alpha=1.218e-08 1/m  [40 s]
 calcite  29.05 um: tau_gas=2.300e-03 sigma_tau=9.076e-05 OD -> sigma_alpha=6.238e-10 1/m  [42 s]
 calcite  29.15 um: tau_gas=2.370e+00 sigma_tau=5.271e-03 OD -> sigma_alpha=3.623e-08 1/m  [43 s]
 calcite  29.25 um: tau_gas=7.130e-03 sigma_tau=2.550e-05 OD -> sigma_alpha=1.753e-10 1/m  [45 s]
 calcite  29.35 um: tau_gas=8.516e+00 sigma_tau=2.076e-02 OD -> sigma_alpha=1.427e-07 1/m  [46 s]
 calcite  29.45 um: tau_gas=2.729e-03 sigma_tau=1.087e-04 OD -> sigma_alpha=7.474e-10 1/m  [47 s]
 calcite  29.55 um: tau_gas=2.598e-03 sigma_tau=1.006e-04 OD -> sigma_alpha=6.914e-10 1/m  [49 s]
 calcite  29.65 um: tau_gas=1.012e-02 sigma_tau=1.319e-04 OD -> sigma_alpha=9.069e-10 1/m  [51 s]
 calcite  29.75 um: tau_gas=3.257e-01 sigma_tau=7.425e-04 OD -> sigma_alpha=5.103e-09 1/m  [52 s]
 calcite  29.85 um: tau_gas=3.446e+01 sigma_tau=8.201e-02 OD -> sigma_alpha=5.637e-07 1/m  [54 s]
 calcite  29.95 um: tau_gas=1.913e-02 sigma_tau=1.484e-04 OD -> sigma_alpha=1.020e-09 1/m  [55 s]
 calcite  30.05 um: tau_gas=3.422e-03 sigma_tau=1.277e-04 OD -> sigma_alpha=8.778e-10 1/m  [56 s]
 calcite  30.15 um: tau_gas=8.586e-03 sigma_tau=1.555e-04 OD -> sigma_alpha=1.069e-09 1/m  [58 s]
 calcite  30.25 um: tau_gas=9.252e-03 sigma_tau=1.927e-04 OD -> sigma_alpha=1.325e-09 1/m  [59 s]
 calcite  30.35 um: tau_gas=3.422e-03 sigma_tau=1.523e-04 OD -> sigma_alpha=1.047e-09 1/m  [60 s]
 calcite  30.45 um: tau_gas=7.395e+00 sigma_tau=2.688e-02 OD -> sigma_alpha=1.847e-07 1/m  [62 s]
 calcite  30.55 um: tau_gas=4.752e+01 sigma_tau=1.734e-01 OD -> sigma_alpha=1.192e-06 1/m  [63 s]
 calcite  30.65 um: tau_gas=8.903e-02 sigma_tau=3.426e-04 OD -> sigma_alpha=2.355e-09 1/m  [65 s]
 calcite  30.75 um: tau_gas=4.070e-03 sigma_tau=1.372e-04 OD -> sigma_alpha=9.431e-10 1/m  [66 s]
 calcite  30.85 um: tau_gas=9.145e+01 sigma_tau=3.721e-01 OD -> sigma_alpha=2.558e-06 1/m  [67 s]
 calcite  30.95 um: tau_gas=1.688e+01 sigma_tau=6.882e-02 OD -> sigma_alpha=4.730e-07 1/m  [68 s]
calcite: archived 50 elements -> /Users/doronkushnir/Weizmann Institute Dropbox/Doron Kushnir/Science/GlobalWarming/SAGE/Python/outputs/materials_calibrated/farir_band_floors_w0p1.json
