cross sections at z = 21 km (T = 217.6 K, p = 47.3 hPa), step 0.01 cm^-1; 1-km bin chord 226 km
  B+ 8.80 um: o3 sigma ready (max 4.80e-22 m^2)
  B+ 8.80 um: h2o sigma ready (max 7.06e-25 m^2)
  B+ 8.80 um: ch4 sigma ready (max 5.12e-23 m^2)
  B+ 8.80 um: n2o sigma ready (max 3.48e-23 m^2)
  B+ 8.80 um: co2 sigma ready (max 3.10e-26 m^2)
=== B+ 8.80 um (element 0.1 um; gases: o3, h2o, ch4, n2o, co2; 1-Tg silica along the path) ===
  tan 15.0 km,  8.80 um (silica B+         ): tau_eff   0.82 (band-avg    1.56)  t 4.39e-01  r 2.62e-04  r/floor    0.13  resid/floor  0.00
  tan 20.0 km,  8.80 um (silica B+         ): tau_eff   0.67 (band-avg    1.38)  t 5.13e-01  r 2.07e-04  r/floor    0.10  resid/floor  0.00
  tan 25.0 km,  8.80 um (silica B+         ): tau_eff   0.34 (band-avg    0.78)  t 7.11e-01  r 1.08e-04  r/floor    0.05  resid/floor  0.00

  C 19-22 um: hno3 sigma ready (max 9.23e-22 m^2)
  C 19-22 um: h2o sigma ready (max 2.36e-22 m^2)
  C 19-22 um: o3 sigma ready (max 1.02e-28 m^2)
  C 19-22 um: co2 sigma ready (max 6.56e-27 m^2)
  C 19-22 um: n2o sigma ready (max 2.46e-23 m^2)
=== C 19-22 um (element 0.25 um; gases: hno3, h2o, o3, co2, n2o; 1-Tg silica along the path) ===
  tan 15.0 km, 19.80 um (C co-retrieval edge): tau_eff   0.10 (band-avg    1.39)  t 9.02e-01  r 5.84e-04  r/floor    1.58  resid/floor  0.04
  tan 15.0 km, 20.40 um (silica C          ): tau_eff   0.20 (band-avg    0.36)  t 8.21e-01  r 1.17e-03  r/floor    3.15  resid/floor  0.08
  tan 15.0 km, 20.70 um (alumina W         ): tau_eff   0.29 (band-avg    1.43)  t 7.51e-01  r 1.87e-03  r/floor    1.56  resid/floor  0.04
  tan 20.0 km, 19.80 um (C co-retrieval edge): tau_eff   0.07 (band-avg    0.62)  t 9.32e-01  r 4.07e-04  r/floor    1.10  resid/floor  0.03
  tan 20.0 km, 20.40 um (silica C          ): tau_eff   0.11 (band-avg    0.18)  t 8.93e-01  r 6.61e-04  r/floor    1.79  resid/floor  0.04
  tan 20.0 km, 20.70 um (alumina W         ): tau_eff   0.15 (band-avg    0.64)  t 8.57e-01  r 9.80e-04  r/floor    0.82  resid/floor  0.02
  tan 25.0 km, 19.80 um (C co-retrieval edge): tau_eff   0.04 (band-avg    0.30)  t 9.64e-01  r 2.37e-04  r/floor    0.64  resid/floor  0.02
  tan 25.0 km, 20.40 um (silica C          ): tau_eff   0.03 (band-avg    0.06)  t 9.73e-01  r 1.71e-04  r/floor    0.46  resid/floor  0.01
  tan 25.0 km, 20.70 um (alumina W         ): tau_eff   0.07 (band-avg    0.30)  t 9.37e-01  r 4.42e-04  r/floor    0.37  resid/floor  0.01

  lattice 24.5-29.5 um: hno3 sigma ready (max 1.21e-22 m^2)
  lattice 24.5-29.5 um: h2o sigma ready (max 2.52e-21 m^2)
  lattice 24.5-29.5 um: o3 sigma ready (max 1.61e-26 m^2)
  lattice 24.5-29.5 um: n2o sigma ready (max 3.53e-30 m^2)
  lattice 24.5-29.5 um: co2 sigma ready (max 1.35e-30 m^2)
=== lattice 24.5-29.5 um (element 0.25 um; gases: hno3, h2o, o3, n2o, co2; 1-Tg silica along the path) ===
  tan 15.0 km, 24.90 um (dolomite lattice  ): tau_eff   0.08 (band-avg    0.62)  t 9.24e-01  r 6.97e-04  r/floor    0.35  resid/floor  0.01
  tan 15.0 km, 28.50 um (calcite lattice peak): tau_eff   0.28 (band-avg   20.51)  t 7.57e-01  r 3.77e-03  r/floor    0.14  resid/floor  0.00
  tan 15.0 km, 29.20 um (calcite red wing  ): tau_eff   0.15 (band-avg    3.11)  t 8.61e-01  r 1.83e-03  r/floor    0.79  resid/floor  0.02
  tan 20.0 km, 24.90 um (dolomite lattice  ): tau_eff   0.05 (band-avg    0.27)  t 9.50e-01  r 4.67e-04  r/floor    0.23  resid/floor  0.01
  tan 20.0 km, 28.50 um (calcite lattice peak): tau_eff   0.24 (band-avg   15.21)  t 7.86e-01  r 3.26e-03  r/floor    0.13  resid/floor  0.00
  tan 20.0 km, 29.20 um (calcite red wing  ): tau_eff   0.10 (band-avg    1.37)  t 9.03e-01  r 1.26e-03  r/floor    0.55  resid/floor  0.01
  tan 25.0 km, 24.90 um (dolomite lattice  ): tau_eff   0.04 (band-avg    0.14)  t 9.65e-01  r 3.39e-04  r/floor    0.17  resid/floor  0.00
  tan 25.0 km, 28.50 um (calcite lattice peak): tau_eff   0.20 (band-avg   11.26)  t 8.16e-01  r 2.81e-03  r/floor    0.11  resid/floor  0.00
  tan 25.0 km, 29.20 um (calcite red wing  ): tau_eff   0.07 (band-avg    0.69)  t 9.30e-01  r 9.40e-04  r/floor    0.41  resid/floor  0.01

  carbonate nu3 6.2-7.1 um: h2o sigma ready (max 1.73e-21 m^2)
  carbonate nu3 6.2-7.1 um: ch4 sigma ready (max 2.32e-23 m^2)
  carbonate nu3 6.2-7.1 um: n2o sigma ready (max 1.03e-25 m^2)
=== carbonate nu3 6.2-7.1 um (element 0.1 um; gases: h2o, ch4, n2o; 1-Tg silica along the path) ===
  tan 15.0 km,  6.40 um (dolomite nu3      ): tau_eff   0.27 (band-avg   15.69)  t 7.62e-01  r 8.96e-06  r/floor    0.00  resid/floor  0.00
  tan 15.0 km,  6.90 um (calcite nu3       ): tau_eff   0.20 (band-avg    7.55)  t 8.22e-01  r 9.80e-06  r/floor    0.00  resid/floor  0.00
  tan 20.0 km,  6.40 um (dolomite nu3      ): tau_eff   0.22 (band-avg   10.28)  t 8.06e-01  r 7.92e-06  r/floor    0.00  resid/floor  0.00
  tan 20.0 km,  6.90 um (calcite nu3       ): tau_eff   0.14 (band-avg    4.54)  t 8.66e-01  r 8.09e-06  r/floor    0.00  resid/floor  0.00
  tan 25.0 km,  6.40 um (dolomite nu3      ): tau_eff   0.18 (band-avg    6.60)  t 8.39e-01  r 7.47e-06  r/floor    0.00  resid/floor  0.00
  tan 25.0 km,  6.90 um (calcite nu3       ): tau_eff   0.11 (band-avg    2.78)  t 8.99e-01  r 7.20e-06  r/floor    0.00  resid/floor  0.00

=== table-mode channels (band-averaged ODs; saturated rows are lower bounds) ===
  structure factor from line-resolved anchors (tau<2): x0.93
material    lam  tau_gas   r(est)  r/floor resid/floor  note
calcite    11.4     0.26  3.4e-04     0.23        0.01  
dolomite   11.3     0.30  3.8e-04     0.19        0.00  
alumina    12.9     0.47  2.0e-03     0.75        0.02  

r = <L_emis>/(L_sun <t>): the LOW bias on every retrieved slant OD if unmodelled.
resid/floor: after forward-modelling the emission to 2.5% (T to ~2 K, co-retrieved gases).
5772-K sun understates r by ~15-20% at 20-30 um (solar T_b ~ 5000 K there).
