Slant tau_gas at a 20 km tangent, averaged to 0.25 um elements

  ... h2o done
  ... co2 done
  ... o3 done
  ... ch4 done
  ... n2o done
  ... co done

lambda [um] |       h2o       co2        o3       ch4       n2o        co |     total | dominant
       3.00 |  9.00e-02  1.19e-02  5.23e-03  1.60e-03  6.42e-02  0.00e+00 |     0.173 | h2o
       3.10 |  7.63e-02  6.97e-03  1.75e-02  5.81e-01  3.21e-03  0.00e+00 |     0.685 | ch4
       3.20 |  7.91e-02  1.19e-03  2.11e-01  3.43e+00  4.55e-05  0.00e+00 |     3.725 | ch4
       3.30 |  5.05e-02  1.99e-04  2.41e-01  5.20e+00  2.56e-05  0.00e+00 |     5.489 | ch4
       3.40 |  1.63e-02  2.18e-06  1.56e-01  3.75e+00  4.35e-04  0.00e+00 |     3.919 | ch4
       3.50 |  9.11e-04  1.35e-07  4.28e-02  8.92e-01  8.38e-03  0.00e+00 |     0.944 | ch4
       3.60 |  3.61e-05  2.02e-09  5.34e-02  1.55e-01  8.83e-03  0.00e+00 |     0.217 | ch4
       3.70 |  6.49e-06  5.14e-10  3.87e-02  7.35e-02  6.01e-03  0.00e+00 |     0.118 | ch4
       3.80 |  1.67e-06  1.92e-09  2.64e-03  3.52e-02  1.11e-01  0.00e+00 |     0.148 | n2o
       3.90 |  7.51e-07  2.35e-06  5.32e-04  2.28e-02  1.60e-01  0.00e+00 |     0.184 | n2o
       4.00 |  6.98e-07  9.23e-04  9.08e-04  1.37e-02  1.50e-01  0.00e+00 |     0.165 | n2o
       4.10 |  9.69e-07  4.38e+03  1.67e-03  5.96e-03  4.15e-02  0.00e+00 |  4382.426 | co2
       4.20 |  3.02e-06  1.96e+04  1.98e-03  1.86e-03  1.67e-02  1.24e-15 | 19597.517 | co2
       4.30 |  2.04e-05  2.06e+04  3.00e-03  3.67e-04  3.03e-01  5.89e-07 | 20649.238 | co2
       4.40 |  6.20e-05  7.27e+03  1.99e-02  5.28e-05  6.06e+00  2.42e-03 |  7273.639 | co2
       4.50 |  1.85e-04  1.46e+01  5.62e-02  6.31e-06  8.44e+00  4.12e-02 |    23.146 | co2
       4.60 |  8.06e-04  2.12e-02  1.52e+00  5.24e-07  5.95e+00  8.23e-02 |     7.569 | n2o
       4.70 |  3.11e-03  6.43e-01  4.18e+00  2.99e-08  3.86e-01  9.14e-02 |     5.307 | o3
       4.80 |  9.94e-03  1.48e+00  4.23e+00  1.63e-09  7.04e-05  4.62e-02 |     5.769 | o3
       4.90 |  3.03e-02  1.37e+00  1.33e+00  4.92e-10  4.29e-06  9.92e-03 |     2.743 | co2
       5.00 |  7.69e-02  2.30e-01  9.00e-02  4.37e-08  3.00e-05  3.17e-04 |     0.398 | co2
       5.10 |  2.09e-01  1.39e-01  1.57e-02  2.64e-07  6.78e-05  1.51e-06 |     0.364 | h2o
       5.20 |  3.98e-01  1.98e-01  4.78e-03  3.89e-06  2.54e-03  2.57e-09 |     0.604 | h2o
       5.30 |  8.59e-01  1.49e-01  1.42e-02  1.61e-05  4.88e-03  4.68e-12 |     1.027 | h2o
       5.40 |  1.55e+00  1.00e-02  4.49e-02  3.99e-05  4.35e-03  1.27e-15 |     1.605 | h2o
       5.50 |  2.68e+00  4.34e-04  7.01e-02  7.18e-05  6.44e-04  0.00e+00 |     2.751 | h2o
       5.60 |  4.16e+00  5.46e-06  9.26e-02  1.05e-04  2.86e-04  0.00e+00 |     4.252 | h2o
       5.70 |  6.97e+00  5.45e-07  2.01e-01  1.62e-04  5.18e-04  0.00e+00 |     7.168 | h2o
       5.80 |  1.15e+01  1.45e-07  2.69e-01  4.29e-04  4.46e-04  0.00e+00 |    11.788 | h2o
       5.90 |  1.44e+01  7.73e-08  1.80e-01  1.45e-03  8.06e-05  0.00e+00 |    14.547 | h2o
       6.00 |  1.71e+01  1.92e-08  4.19e-02  4.58e-03  1.50e-04  0.00e+00 |    17.129 | h2o
       6.10 |  1.47e+01  1.17e-08  1.87e-03  8.65e-03  2.61e-04  0.00e+00 |    14.685 | h2o
       6.20 |  8.78e+00  3.06e-08  5.20e-05  1.03e-02  2.18e-04  0.00e+00 |     8.791 | h2o
       6.30 |  8.93e+00  3.59e-08  4.57e-07  8.88e-03  3.13e-05  0.00e+00 |     8.936 | h2o
       6.40 |  1.49e+01  1.75e-08  1.46e-06  2.77e-02  1.11e-06  0.00e+00 |    14.903 | h2o
       6.50 |  1.76e+01  1.73e-09  1.22e-05  3.13e-02  2.61e-07  0.00e+00 |    17.667 | h2o
       6.60 |  1.39e+01  2.53e-12  4.68e-05  2.27e-02  3.51e-07  0.00e+00 |    13.926 | h2o
       6.70 |  1.00e+01  1.82e-10  1.58e-04  1.17e-02  2.42e-07  0.00e+00 |    10.049 | h2o
       6.80 |  7.17e+00  5.95e-10  4.04e-04  2.27e-02  4.67e-08  0.00e+00 |     7.192 | h2o
       6.90 |  5.46e+00  1.08e-09  1.30e-03  2.77e-02  3.12e-07  0.00e+00 |     5.485 | h2o
       7.00 |  3.10e+00  7.95e-10  2.98e-03  2.21e-02  3.53e-06  0.00e+00 |     3.121 | h2o

Reference: 8.8 um element total tau_gas = 1.225 (dominant: o3)

Cleanest five elements in 3-7 um:
  3.70 um: tau_gas = 0.118 (0.10 x the 8.8 um value)
  3.80 um: tau_gas = 0.148 (0.12 x the 8.8 um value)
  4.00 um: tau_gas = 0.165 (0.14 x the 8.8 um value)
  3.00 um: tau_gas = 0.173 (0.14 x the 8.8 um value)
  3.90 um: tau_gas = 0.184 (0.15 x the 8.8 um value)

Dirtiest five:
  4.50 um: tau_gas = 23.146
  4.10 um: tau_gas = 4382.426
  4.40 um: tau_gas = 7273.639
  4.20 um: tau_gas = 19597.517
  4.30 um: tau_gas = 20649.238
