
=== B+ (8.80um): O3 9.6um blue wing + N2O; the silica/sulfate discriminator ===
  1 Tg silica signal        : 2.489e-01 OD   (gas bg 1.264e+00 OD)
  gas-removal floor (Notes) : 2.639e-03 OD  (sigma_alpha 2.049e-08 1/m; line-scatter part 2.452e-03, SNR-flat)
  silica-amplitude plateau  : 6.547e-04 OD  (sigma_alpha 5.082e-09 1/m; band-shape fit averages the per-channel scatter)
    SNR      100: sigma_sil = 1.768e-02 OD (noise 1.767e-02)  sigma_alpha = 1.373e-07 1/m  [x27.01 plateau]
    SNR      150: sigma_sil = 1.254e-02 OD (noise 1.252e-02)  sigma_alpha = 9.736e-08 1/m  [x19.16 plateau]
    SNR      220: sigma_sil = 9.161e-03 OD (noise 9.137e-03)  sigma_alpha = 7.112e-08 1/m  [x13.99 plateau]
    SNR      320: sigma_sil = 6.792e-03 OD (noise 6.760e-03)  sigma_alpha = 5.273e-08 1/m  [x10.37 plateau]
    SNR      470: sigma_sil = 5.078e-03 OD (noise 5.036e-03)  sigma_alpha = 3.942e-08 1/m  [x 7.76 plateau]
    SNR      700: sigma_sil = 3.870e-03 OD (noise 3.814e-03)  sigma_alpha = 3.004e-08 1/m  [x 5.91 plateau]
    SNR     1000: sigma_sil = 3.120e-03 OD (noise 3.050e-03)  sigma_alpha = 2.422e-08 1/m  [x 4.77 plateau]
    SNR     1500: sigma_sil = 2.489e-03 OD (noise 2.402e-03)  sigma_alpha = 1.933e-08 1/m  [x 3.80 plateau]
    SNR     2200: sigma_sil = 2.009e-03 OD (noise 1.899e-03)  sigma_alpha = 1.559e-08 1/m  [x 3.07 plateau]
    SNR     3200: sigma_sil = 1.613e-03 OD (noise 1.474e-03)  sigma_alpha = 1.252e-08 1/m  [x 2.46 plateau]
    SNR     4700: sigma_sil = 1.291e-03 OD (noise 1.112e-03)  sigma_alpha = 1.002e-08 1/m  [x 1.97 plateau]
    SNR     7000: sigma_sil = 1.051e-03 OD (noise 8.223e-04)  sigma_alpha = 8.160e-09 1/m  [x 1.61 plateau]
    SNR    10000: sigma_sil = 9.054e-04 OD (noise 6.255e-04)  sigma_alpha = 7.029e-09 1/m  [x 1.38 plateau]
    SNR    30000: sigma_sil = 7.003e-04 OD (noise 2.486e-04)  sigma_alpha = 5.436e-09 1/m  [x 1.07 plateau]
  -> statistical-systematic crossover SNR_x ~= 9481 (total = sqrt(2) x plateau)

=== C (20.4um): silica reststrahlen peak on the H2O rotation forest + HNO3 nu9 ===
  1 Tg silica signal        : 6.992e-02 OD   (gas bg 1.172e-01 OD)
  gas-removal floor (Notes) : 3.692e-04 OD  (sigma_alpha 2.866e-09 1/m; line-scatter part 2.329e-04, SNR-flat)
  silica-amplitude plateau  : 9.357e-05 OD  (sigma_alpha 7.264e-10 1/m; band-shape fit averages the per-channel scatter)
    SNR      100: sigma_sil = 7.094e-03 OD (noise 7.093e-03)  sigma_alpha = 5.507e-08 1/m  [x75.81 plateau]
    SNR      150: sigma_sil = 4.914e-03 OD (noise 4.913e-03)  sigma_alpha = 3.815e-08 1/m  [x52.51 plateau]
    SNR      220: sigma_sil = 3.467e-03 OD (noise 3.466e-03)  sigma_alpha = 2.691e-08 1/m  [x37.05 plateau]
    SNR      320: sigma_sil = 2.459e-03 OD (noise 2.458e-03)  sigma_alpha = 1.909e-08 1/m  [x26.28 plateau]
    SNR      470: sigma_sil = 1.733e-03 OD (noise 1.731e-03)  sigma_alpha = 1.346e-08 1/m  [x18.53 plateau]
    SNR      700: sigma_sil = 1.219e-03 OD (noise 1.215e-03)  sigma_alpha = 9.464e-09 1/m  [x13.03 plateau]
    SNR     1000: sigma_sil = 9.064e-04 OD (noise 9.016e-04)  sigma_alpha = 7.037e-09 1/m  [x 9.69 plateau]
    SNR     1500: sigma_sil = 6.699e-04 OD (noise 6.634e-04)  sigma_alpha = 5.201e-09 1/m  [x 7.16 plateau]
    SNR     2200: sigma_sil = 5.225e-04 OD (noise 5.141e-04)  sigma_alpha = 4.056e-09 1/m  [x 5.58 plateau]
    SNR     3200: sigma_sil = 4.188e-04 OD (noise 4.082e-04)  sigma_alpha = 3.251e-09 1/m  [x 4.48 plateau]
    SNR     4700: sigma_sil = 3.339e-04 OD (noise 3.205e-04)  sigma_alpha = 2.592e-09 1/m  [x 3.57 plateau]
    SNR     7000: sigma_sil = 2.605e-04 OD (noise 2.431e-04)  sigma_alpha = 2.023e-09 1/m  [x 2.78 plateau]
    SNR    10000: sigma_sil = 2.070e-04 OD (noise 1.847e-04)  sigma_alpha = 1.607e-09 1/m  [x 2.21 plateau]
    SNR    30000: sigma_sil = 1.163e-04 OD (noise 6.909e-05)  sigma_alpha = 9.030e-10 1/m  [x 1.24 plateau]
  -> statistical-systematic crossover SNR_x ~= 23462 (total = sqrt(2) x plateau)

=== Detector SNR at the occultation dwell, 8.8 um, D=10 cm, dlam=0.1 um ===
  dwell per 0.5-km sample: 0.50s @1km/s, 0.25s @2km/s, 0.17s @3km/s
  spectroscopic crossover SNR_x = 9481; flown transmission-systematics cap = 2000
  -> practical per-sample requirement: detector statistical SNR >= 2000 in one dwell

  detector                            T_op   SNR@0.50s  SNR@0.25s  SNR@0.17s  t_req[s]  verdict
  Uncooled microbolometer (VOx)        300      251525     177855     145218     0.000  reaches the cap in a single fastest-case dwell
  Uncooled thermopile array            300        2517       1780       1453     0.316  reaches the cap only at slow descent (low-beta)
  Pyroelectric (DLaTGS/LiTaO3)         300        8391       5933       4845     0.028  reaches the cap in a single fastest-case dwell
  HgCdTe LWIR                           77     6179118    4369296    3567516     0.000  reaches the cap in a single fastest-case dwell
  HgCdTe VLWIR                          50     5854735    4139923    3380233     0.000  reaches the cap in a single fastest-case dwell
  Si:As IBC/BIB                          7     6235321    4409038    3599964     0.000  reaches the cap in a single fastest-case dwell
  Type-II superlattice (T2SL)           80     6230003    4405277    3596894     0.000  reaches the cap in a single fastest-case dwell
wrote /Users/doronkushnir/Weizmann Institute Dropbox/Doron Kushnir/Science/GlobalWarming/SAGE/Python/outputs/snr_trade/snr_trade_bplus.csv
wrote /Users/doronkushnir/Weizmann Institute Dropbox/Doron Kushnir/Science/GlobalWarming/SAGE/Python/outputs/snr_trade/snr_trade_c.csv
wrote /Users/doronkushnir/Weizmann Institute Dropbox/Doron Kushnir/Science/GlobalWarming/SAGE/Python/outputs/snr_trade/detector_dwell_880.csv

Saved -> /Users/doronkushnir/Weizmann Institute Dropbox/Doron Kushnir/Science/GlobalWarming/SAGE/Python/figures/snr_integration_time_trade.png

=== Bottom line for the Specs (R5/R7) ===
  B+ (8.80um): sigma_alpha = 1.64e-08 @SNR2000, 2.30e-08 @SNR1100 (x1.40); spectroscopic plateau 5.08e-09 1/m (SNR_x=9481)
  C (20.4um): sigma_alpha = 4.32e-09 @SNR2000, 6.55e-09 @SNR1100 (x1.52); spectroscopic plateau 7.26e-10 1/m (SNR_x=23462)

  1. TWO quantities (Notes Sec. 5): the GAS-REMOVAL floor (line-scatter
     dominated, SNR-flat -- the Notes-adopted 1.5e-8 at B+; for it "SNR buys
     nothing" holds) vs the DEG-AWARE SILICA-AMPLITUDE error (this scan): the
     band-shape fit averages the per-channel line scatter, so it keeps
     improving ~1/SNR up to the flown per-sample cap (~2000) and plateaus
     ~x3 lower.  They nearly coincide at the flown precision.
  2. Dwell per 0.5-km sample is geometry-fixed at
     0.17-0.50 s (limb descent 1-3 km/s) -- 'staring longer' at one
     altitude is not an option, but the detector only needs to reach the cap
     STATISTICALLY within that dwell; the table shows the margins.
  3. A noise-starved detector has two levers: vertical binning (noise
     sigma_alpha ~ 1/dz vs plateau ~ 1/sqrt(dz); 0.5->1 km buys x2 on
     noise for x1.4 on the floor, x2.8-4 if the FOV is binned optically
     so the element also collects more light) and event co-adding.
  4. If per-event transmission systematics decorrelate event-to-event,
     campaign averaging pushes below the cap toward the spectroscopic
     plateau (x3.2 headroom at 8.80 um, ~22 events to exhaust it).
